<html>
<body>
<pre>
<h1>µVision Build Log</h1>
<h2>Tool Versions:</h2>
IDE-Version: µVision V5.43.1.0
Copyright (C) 2025 ARM Ltd and ARM Germany GmbH. All rights reserved.
License Information: Artur Tretyakov, artur19t, LIC=----
 
Tool Versions:
Toolchain:       MDK-Lite  Version: 5.43.0.0
Toolchain Path:  C:\Users\SPS\AppData\Local\Keil_v5\ARM\ARMCC\Bin
C Compiler:      Armcc.exe V5.06 update 7 (build 960)
Assembler:       Armasm.exe V5.06 update 7 (build 960)
Linker/Locator:  ArmLink.exe V5.06 update 7 (build 960)
Library Manager: ArmAr.exe V5.06 update 7 (build 960)
Hex Converter:   FromElf.exe V5.06 update 7 (build 960)
CPU DLL:         SARMCM3.DLL V5.43.0.0
Dialog DLL:      DCM.DLL V1.17.5.0
Target DLL:      STLink\ST-LINKIII-KEIL_SWO.dll V3.3.1.0
Dialog DLL:      TCM.DLL V1.56.6.0
 
<h2>Project:</h2>
C:\Users\SPS\Documents\03. IoT\01. Projects\01. STUDY_FreeRTOS_STM32F401\FirstTasksFreeRTOS\MDK-ARM\FirstTasksFreeRTOS.uvprojx
Project File Date:  03/28/2026

<h2>Output:</h2>
*** Using Compiler 'V5.06 update 7 (build 960)', folder: 'C:\Users\SPS\AppData\Local\Keil_v5\ARM\ARMCC\Bin'
Rebuild target 'FirstTasksFreeRTOS'
assembling startup_stm32f401xc.s...
compiling system_stm32f4xx.c...
compiling stm32f4xx_ll_exti.c...
compiling stm32f4xx_ll_gpio.c...
compiling stm32f4xx_ll_rcc.c...
compiling stm32f4xx_ll_utils.c...
compiling list.c...
compiling croutine.c...
compiling main.c...
../Core/Src/main.c(289): warning:  #167-D: argument of type "void *" is incompatible with parameter of type "TaskHookFunction_t"
  	vTaskSetApplicationTaskTag(NULL,(void*)2);
../Core/Src/main.c(312): warning:  #167-D: argument of type "void *" is incompatible with parameter of type "TaskHookFunction_t"
  	vTaskSetApplicationTaskTag(NULL,(void*)3);
../Core/Src/main.c(337): warning:  #167-D: argument of type "void *" is incompatible with parameter of type "TaskHookFunction_t"
  	vTaskSetApplicationTaskTag(NULL,(void*)4);
../Core/Src/main.c(360): warning:  #167-D: argument of type "void *" is incompatible with parameter of type "TaskHookFunction_t"
  	vTaskSetApplicationTaskTag(NULL,(void*)1);
../Core/Src/main.c: 4 warnings, 0 errors
compiling stm32f4xx_it.c...
compiling freertos.c...
compiling event_groups.c...
compiling stream_buffer.c...
compiling queue.c...
compiling timers.c...
compiling tasks.c...
compiling heap_4.c...
compiling cmsis_os.c...
compiling port.c...
compiling hw_init.c...
compiling RTOS_Tasks_Init.c...
linking...
Program Size: Code=6572 RO-data=644 RW-data=128 ZI-data=17832  
FromELF: creating hex file...
"FirstTasksFreeRTOS\FirstTasksFreeRTOS.axf" - 0 Error(s), 4 Warning(s).

<h2>Software Packages used:</h2>

Package Vendor: ARM
                https://www.keil.com/pack/ARM.CMSIS.6.3.0.pack
                ARM::CMSIS@6.3.0
                CMSIS (Common Microcontroller Software Interface Standard)
   * Component: CORE Version: 6.2.0

Package Vendor: Keil
                https://www.keil.com/pack/Keil.STM32F4xx_DFP.3.1.1.pack
                Keil::STM32F4xx_DFP@3.1.1
                STMicroelectronics STM32F4 Series Device Support

<h2>Collection of Component include folders:</h2>
  ./RTE/_FirstTasksFreeRTOS
  C:/Users/SPS/AppData/Local/Arm/Packs/ARM/CMSIS/6.3.0/CMSIS/Core/Include

<h2>Collection of Component Files used:</h2>

   * Component: ARM::CMSIS:CORE@6.2.0
      Include file:  CMSIS/Core/Include/tz_context.h
Build Time Elapsed:  00:00:03
</pre>
</body>
</html>
